prisma.config.ts(11,3): error TS2375: Type '{ url: string | undefined; }' is not assignable to type '{ url?: string; shadowDatabaseUrl?: string; }' with 'exactOptionalPropertyTypes: true'. Consider adding 'undefined' to the types of the target's properties.
  Types of property 'url' are incompatible.
    Type 'string | undefined' is not assignable to type 'string'.
      Type 'undefined' is not assignable to type 'string'.
src/server/middleware/error.middleware.ts(21,9): error TS2412: Type 'Record<string, string[]> | undefined' is not assignable to type 'Record<string, string[]>' with 'exactOptionalPropertyTypes: true'. Consider adding 'undefined' to the type of the target.
  Type 'undefined' is not assignable to type 'Record<string, string[]>'.
src/server/routes/board.routes.ts(22,17): error TS2769: No overload matches this call.
  The last overload gave the following error.
    Argument of type '(req: AuthenticatedRequest, res: Response<any, Record<string, any>>, next: NextFunction) => void' is not assignable to parameter of type 'PathParams'.
src/server/routes/board.routes.ts(23,17): error TS2769: No overload matches this call.
  The last overload gave the following error.
    Argument of type '(req: AuthenticatedRequest, res: Response<any, Record<string, any>>, next: NextFunction) => Promise<void>' is not assignable to parameter of type 'PathParams'.
src/server/routes/board.routes.ts(26,22): error TS2769: No overload matches this call.
  The last overload gave the following error.
    Argument of type '(req: AuthenticatedRequest, res: Response<{ success: true; data: BoardResponse[]; }, Record<string, any>>) => Promise<void>' is not assignable to parameter of type 'Application<Record<string, any>>'.
      Type '(req: AuthenticatedRequest, res: Response<{ success: true; data: BoardResponse[]; }, Record<string, any>>) => Promise<void>' is missing the following properties from type 'Application<Record<string, any>>': init, defaultConfiguration, engine, set, and 63 more.
src/server/routes/board.routes.ts(27,52): error TS2769: No overload matches this call.
  The last overload gave the following error.
    Argument of type '(req: AuthenticatedRequest & { body: CreateBoardBody; }, res: Response<{ success: true; data: BoardResponse; }, Record<string, any>>) => Promise<...>' is not assignable to parameter of type 'RequestHandlerParams<ParamsDictionary, any, any, ParsedQs, Record<string, any>>'.
      Type '(req: AuthenticatedRequest & { body: CreateBoardBody; }, res: Response<{ success: true; data: BoardResponse; }, Record<string, any>>) => Promise<...>' is not assignable to type 'RequestHandler<ParamsDictionary, any, any, ParsedQs, Record<string, any>>'.
        Types of parameters 'req' and 'req' are incompatible.
          Type 'Request<ParamsDictionary, any, any, ParsedQs, Record<string, any>>' is not assignable to type 'AuthenticatedRequest & { body: CreateBoardBody; }' with 'exactOptionalPropertyTypes: true'. Consider adding 'undefined' to the types of the target's properties.
            Property 'user' is missing in type 'Request<ParamsDictionary, any, any, ParsedQs, Record<string, any>>' but required in type 'AuthenticatedRequest'.
src/server/routes/board.routes.ts(28,47): error TS2769: No overload matches this call.
  The last overload gave the following error.
    Argument of type '(req: AuthenticatedRequest & { params: { id: string; }; }, res: Response<{ success: true; data: BoardResponse; }, Record<string, any>>) => Promise<...>' is not assignable to parameter of type 'RequestHandlerParams<ParamsDictionary & { id: string; }, any, any, ParsedQs, Record<string, any>>'.
      Type '(req: AuthenticatedRequest & { params: { id: string; }; }, res: Response<{ success: true; data: BoardResponse; }, Record<string, any>>) => Promise<...>' is not assignable to type 'RequestHandler<ParamsDictionary & { id: string; }, any, any, ParsedQs, Record<string, any>>'.
        Types of parameters 'req' and 'req' are incompatible.
          Type 'Request<ParamsDictionary & { id: string; }, any, any, ParsedQs, Record<string, any>>' is not assignable to type 'AuthenticatedRequest & { params: { id: string; }; }' with 'exactOptionalPropertyTypes: true'. Consider adding 'undefined' to the types of the target's properties.
            Property 'user' is missing in type 'Request<ParamsDictionary & { id: string; }, any, any, ParsedQs, Record<string, any>>' but required in type 'AuthenticatedRequest'.
src/server/routes/board.routes.ts(29,76): error TS2769: No overload matches this call.
  The last overload gave the following error.
    Argument of type '(req: AuthenticatedRequest & { body: UpdateBoardBody; params: { id: string; }; }, res: Response<{ success: true; data: BoardResponse; }, Record<...>>) => Promise<...>' is not assignable to parameter of type 'RequestHandlerParams<ParamsDictionary & { id: string; }, any, any, ParsedQs, Record<string, any>>'.
      Type '(req: AuthenticatedRequest & { body: UpdateBoardBody; params: { id: string; }; }, res: Response<{ success: true; data: BoardResponse; }, Record<...>>) => Promise<...>' is not assignable to type 'RequestHandler<ParamsDictionary & { id: string; }, any, any, ParsedQs, Record<string, any>>'.
        Types of parameters 'req' and 'req' are incompatible.
          Type 'Request<ParamsDictionary & { id: string; }, any, any, ParsedQs, Record<string, any>>' is not assignable to type 'AuthenticatedRequest & { body: UpdateBoardBody; params: { id: string; }; }' with 'exactOptionalPropertyTypes: true'. Consider adding 'undefined' to the types of the target's properties.
            Property 'user' is missing in type 'Request<ParamsDictionary & { id: string; }, any, any, ParsedQs, Record<string, any>>' but required in type 'AuthenticatedRequest'.
src/server/routes/board.routes.ts(30,50): error TS2769: No overload matches this call.
  The last overload gave the following error.
    Argument of type '(req: AuthenticatedRequest & { params: { id: string; }; }, res: Response<{ success: true; message: string; }, Record<string, any>>) => Promise<void>' is not assignable to parameter of type 'RequestHandlerParams<ParamsDictionary & { id: string; }, any, any, ParsedQs, Record<string, any>>'.
      Type '(req: AuthenticatedRequest & { params: { id: string; }; }, res: Response<{ success: true; message: string; }, Record<string, any>>) => Promise<void>' is not assignable to type 'RequestHandler<ParamsDictionary & { id: string; }, any, any, ParsedQs, Record<string, any>>'.
        Types of parameters 'req' and 'req' are incompatible.
          Type 'Request<ParamsDictionary & { id: string; }, any, any, ParsedQs, Record<string, any>>' is not assignable to type 'AuthenticatedRequest & { params: { id: string; }; }' with 'exactOptionalPropertyTypes: true'. Consider adding 'undefined' to the types of the target's properties.
            Property 'user' is missing in type 'Request<ParamsDictionary & { id: string; }, any, any, ParsedQs, Record<string, any>>' but required in type 'AuthenticatedRequest'.
src/server/routes/role.routes.ts(16,16): error TS2769: No overload matches this call.
  The last overload gave the following error.
    Argument of type '(req: AuthenticatedRequest, res: Response<any, Record<string, any>>, next: NextFunction) => void' is not assignable to parameter of type 'PathParams'.
src/server/routes/role.routes.ts(17,16): error TS2769: No overload matches this call.
  The last overload gave the following error.
    Argument of type '(req: AuthenticatedRequest, res: Response<any, Record<string, any>>, next: NextFunction) => Promise<void>' is not assignable to parameter of type 'PathParams'.
src/server/routes/role.routes.ts(20,21): error TS2769: No overload matches this call.
  The last overload gave the following error.
    Argument of type '(req: AuthenticatedRequest, res: Response<{ success: true; data: RoleResponse[]; }, Record<string, any>>) => Promise<void>' is not assignable to parameter of type 'Application<Record<string, any>>'.
      Type '(req: AuthenticatedRequest, res: Response<{ success: true; data: RoleResponse[]; }, Record<string, any>>) => Promise<void>' is missing the following properties from type 'Application<Record<string, any>>': init, defaultConfiguration, engine, set, and 63 more.
src/server/routes/role.routes.ts(21,44): error TS2769: No overload matches this call.
  The last overload gave the following error.
    Argument of type '(req: AuthenticatedRequest & { body: { name: string; }; }, res: Response<{ success: true; data: RoleResponse; }, Record<string, any>>) => Promise<...>' is not assignable to parameter of type 'RequestHandlerParams<ParamsDictionary, any, any, ParsedQs, Record<string, any>>'.
      Type '(req: AuthenticatedRequest & { body: { name: string; }; }, res: Response<{ success: true; data: RoleResponse; }, Record<string, any>>) => Promise<...>' is not assignable to type 'RequestHandler<ParamsDictionary, any, any, ParsedQs, Record<string, any>>'.
        Types of parameters 'req' and 'req' are incompatible.
          Type 'Request<ParamsDictionary, any, any, ParsedQs, Record<string, any>>' is not assignable to type 'AuthenticatedRequest & { body: { name: string; }; }' with 'exactOptionalPropertyTypes: true'. Consider adding 'undefined' to the types of the target's properties.
            Property 'user' is missing in type 'Request<ParamsDictionary, any, any, ParsedQs, Record<string, any>>' but required in type 'AuthenticatedRequest'.
src/server/routes/role.routes.ts(22,68): error TS2769: No overload matches this call.
  The last overload gave the following error.
    Argument of type '(req: AuthenticatedRequest & { body: { name: string; }; params: { id: string; }; }, res: Response<{ success: true; data: RoleResponse; }, Record<string, any>>) => Promise<...>' is not assignable to parameter of type 'RequestHandlerParams<ParamsDictionary & { id: string; }, any, any, ParsedQs, Record<string, any>>'.
      Type '(req: AuthenticatedRequest & { body: { name: string; }; params: { id: string; }; }, res: Response<{ success: true; data: RoleResponse; }, Record<string, any>>) => Promise<...>' is not assignable to type 'RequestHandler<ParamsDictionary & { id: string; }, any, any, ParsedQs, Record<string, any>>'.
        Types of parameters 'req' and 'req' are incompatible.
          Type 'Request<ParamsDictionary & { id: string; }, any, any, ParsedQs, Record<string, any>>' is not assignable to type 'AuthenticatedRequest & { body: { name: string; }; params: { id: string; }; }' with 'exactOptionalPropertyTypes: true'. Consider adding 'undefined' to the types of the target's properties.
            Property 'user' is missing in type 'Request<ParamsDictionary & { id: string; }, any, any, ParsedQs, Record<string, any>>' but required in type 'AuthenticatedRequest'.
src/server/routes/role.routes.ts(23,49): error TS2769: No overload matches this call.
  The last overload gave the following error.
    Argument of type '(req: AuthenticatedRequest & { params: { id: string; }; }, res: Response<{ success: true; message: string; }, Record<string, any>>) => Promise<void>' is not assignable to parameter of type 'RequestHandlerParams<ParamsDictionary & { id: string; }, any, any, ParsedQs, Record<string, any>>'.
      Type '(req: AuthenticatedRequest & { params: { id: string; }; }, res: Response<{ success: true; message: string; }, Record<string, any>>) => Promise<void>' is not assignable to type 'RequestHandler<ParamsDictionary & { id: string; }, any, any, ParsedQs, Record<string, any>>'.
        Types of parameters 'req' and 'req' are incompatible.
          Type 'Request<ParamsDictionary & { id: string; }, any, any, ParsedQs, Record<string, any>>' is not assignable to type 'AuthenticatedRequest & { params: { id: string; }; }' with 'exactOptionalPropertyTypes: true'. Consider adding 'undefined' to the types of the target's properties.
            Property 'user' is missing in type 'Request<ParamsDictionary & { id: string; }, any, any, ParsedQs, Record<string, any>>' but required in type 'AuthenticatedRequest'.
src/server/routes/rt.routes.ts(12,5): error TS2769: No overload matches this call.
  The last overload gave the following error.
    Argument of type '(req: AuthenticatedRequest, res: Response<any, Record<string, any>>, next: NextFunction) => void' is not assignable to parameter of type 'RequestHandlerParams<ParamsDictionary, any, any, ParsedQs, Record<string, any>>'.
      Type '(req: AuthenticatedRequest, res: Response<any, Record<string, any>>, next: NextFunction) => void' is not assignable to type 'RequestHandler<ParamsDictionary, any, any, ParsedQs, Record<string, any>>'.
        Types of parameters 'req' and 'req' are incompatible.
          Property 'user' is missing in type 'Request<ParamsDictionary, any, any, ParsedQs, Record<string, any>>' but required in type 'AuthenticatedRequest'.
src/server/routes/task.routes.ts(28,16): error TS2769: No overload matches this call.
  The last overload gave the following error.
    Argument of type '(req: AuthenticatedRequest, res: Response<any, Record<string, any>>, next: NextFunction) => void' is not assignable to parameter of type 'PathParams'.
src/server/routes/task.routes.ts(29,16): error TS2769: No overload matches this call.
  The last overload gave the following error.
    Argument of type '(req: AuthenticatedRequest, res: Response<any, Record<string, any>>, next: NextFunction) => Promise<void>' is not assignable to parameter of type 'PathParams'.
src/server/routes/task.routes.ts(32,21): error TS2769: No overload matches this call.
  The last overload gave the following error.
    Argument of type '(req: AuthenticatedRequest & { params: { boardId: string; }; }, res: Response<{ success: true; data: TaskResponse[]; }, Record<string, any>>) => Promise<...>' is not assignable to parameter of type 'Application<Record<string, any>>'.
      Type '(req: AuthenticatedRequest & { params: { boardId: string; }; }, res: Response<{ success: true; data: TaskResponse[]; }, Record<string, any>>) => Promise<...>' is missing the following properties from type 'Application<Record<string, any>>': init, defaultConfiguration, engine, set, and 63 more.
src/server/routes/task.routes.ts(33,50): error TS2769: No overload matches this call.
  The last overload gave the following error.
    Argument of type '(req: AuthenticatedRequest & { body: CreateTaskBody; params: { boardId: string; }; }, res: Response<{ success: true; data: TaskResponse; }, Record<...>>) => Promise<...>' is not assignable to parameter of type 'RequestHandlerParams<ParamsDictionary & { boardId: string; }, any, any, ParsedQs, Record<string, any>>'.
      Type '(req: AuthenticatedRequest & { body: CreateTaskBody; params: { boardId: string; }; }, res: Response<{ success: true; data: TaskResponse; }, Record<...>>) => Promise<...>' is not assignable to type 'RequestHandler<ParamsDictionary & { boardId: string; }, any, any, ParsedQs, Record<string, any>>'.
        Types of parameters 'req' and 'req' are incompatible.
          Type 'Request<ParamsDictionary & { boardId: string; }, any, any, ParsedQs, Record<string, any>>' is not assignable to type 'AuthenticatedRequest & { body: CreateTaskBody; params: { boardId: string; }; }' with 'exactOptionalPropertyTypes: true'. Consider adding 'undefined' to the types of the target's properties.
            Property 'user' is missing in type 'Request<ParamsDictionary & { boardId: string; }, any, any, ParsedQs, Record<string, any>>' but required in type 'AuthenticatedRequest'.
src/server/routes/task.routes.ts(34,46): error TS2769: No overload matches this call.
  The last overload gave the following error.
    Argument of type '(req: AuthenticatedRequest & { params: { boardId: string; id: string; }; }, res: Response<{ success: true; data: TaskResponse; }, Record<string, any>>) => Promise<...>' is not assignable to parameter of type 'RequestHandlerParams<ParamsDictionary & { boardId: string; id: string; }, any, any, ParsedQs, Record<string, any>>'.
      Type '(req: AuthenticatedRequest & { params: { boardId: string; id: string; }; }, res: Response<{ success: true; data: TaskResponse; }, Record<string, any>>) => Promise<...>' is not assignable to type 'RequestHandler<ParamsDictionary & { boardId: string; id: string; }, any, any, ParsedQs, Record<string, any>>'.
        Types of parameters 'req' and 'req' are incompatible.
          Type 'Request<ParamsDictionary & { boardId: string; id: string; }, any, any, ParsedQs, Record<string, any>>' is not assignable to type 'AuthenticatedRequest & { params: { boardId: string; id: string; }; }' with 'exactOptionalPropertyTypes: true'. Consider adding 'undefined' to the types of the target's properties.
            Property 'user' is missing in type 'Request<ParamsDictionary & { boardId: string; id: string; }, any, any, ParsedQs, Record<string, any>>' but required in type 'AuthenticatedRequest'.
src/server/routes/task.routes.ts(35,74): error TS2769: No overload matches this call.
  The last overload gave the following error.
    Argument of type '(req: AuthenticatedRequest & { body: UpdateTaskBody; params: { boardId: string; id: string; }; }, res: Response<{ success: true; data: TaskResponse; }, Record<...>>) => Promise<...>' is not assignable to parameter of type 'RequestHandlerParams<ParamsDictionary & { boardId: string; id: string; }, any, any, ParsedQs, Record<string, any>>'.
      Type '(req: AuthenticatedRequest & { body: UpdateTaskBody; params: { boardId: string; id: string; }; }, res: Response<{ success: true; data: TaskResponse; }, Record<...>>) => Promise<...>' is not assignable to type 'RequestHandler<ParamsDictionary & { boardId: string; id: string; }, any, any, ParsedQs, Record<string, any>>'.
        Types of parameters 'req' and 'req' are incompatible.
          Type 'Request<ParamsDictionary & { boardId: string; id: string; }, any, any, ParsedQs, Record<string, any>>' is not assignable to type 'AuthenticatedRequest & { body: UpdateTaskBody; params: { boardId: string; id: string; }; }' with 'exactOptionalPropertyTypes: true'. Consider adding 'undefined' to the types of the target's properties.
            Property 'user' is missing in type 'Request<ParamsDictionary & { boardId: string; id: string; }, any, any, ParsedQs, Record<string, any>>' but required in type 'AuthenticatedRequest'.
src/server/routes/task.routes.ts(36,49): error TS2769: No overload matches this call.
  The last overload gave the following error.
    Argument of type '(req: AuthenticatedRequest & { params: { boardId: string; id: string; }; }, res: Response<{ success: true; message: string; }, Record<string, any>>) => Promise<...>' is not assignable to parameter of type 'RequestHandlerParams<ParamsDictionary & { boardId: string; id: string; }, any, any, ParsedQs, Record<string, any>>'.
      Type '(req: AuthenticatedRequest & { params: { boardId: string; id: string; }; }, res: Response<{ success: true; message: string; }, Record<string, any>>) => Promise<...>' is not assignable to type 'RequestHandler<ParamsDictionary & { boardId: string; id: string; }, any, any, ParsedQs, Record<string, any>>'.
        Types of parameters 'req' and 'req' are incompatible.
          Type 'Request<ParamsDictionary & { boardId: string; id: string; }, any, any, ParsedQs, Record<string, any>>' is not assignable to type 'AuthenticatedRequest & { params: { boardId: string; id: string; }; }' with 'exactOptionalPropertyTypes: true'. Consider adding 'undefined' to the types of the target's properties.
            Property 'user' is missing in type 'Request<ParamsDictionary & { boardId: string; id: string; }, any, any, ParsedQs, Record<string, any>>' but required in type 'AuthenticatedRequest'.
src/server/routes/tenant.routes.ts(31,5): error TS2769: No overload matches this call.
  The last overload gave the following error.
    Argument of type '(req: AuthenticatedRequest, res: Response<any, Record<string, any>>, next: NextFunction) => void' is not assignable to parameter of type 'RequestHandlerParams<ParamsDictionary, any, any, ParsedQs, Record<string, any>>'.
      Type '(req: AuthenticatedRequest, res: Response<any, Record<string, any>>, next: NextFunction) => void' is not assignable to type 'RequestHandler<ParamsDictionary, any, any, ParsedQs, Record<string, any>>'.
        Types of parameters 'req' and 'req' are incompatible.
          Property 'user' is missing in type 'Request<ParamsDictionary, any, any, ParsedQs, Record<string, any>>' but required in type 'AuthenticatedRequest'.
src/server/routes/tenant.routes.ts(38,5): error TS2769: No overload matches this call.
  The last overload gave the following error.
    Argument of type '(req: AuthenticatedRequest, res: Response<any, Record<string, any>>, next: NextFunction) => void' is not assignable to parameter of type 'RequestHandlerParams<ParamsDictionary, any, any, ParsedQs, Record<string, any>>'.
      Type '(req: AuthenticatedRequest, res: Response<any, Record<string, any>>, next: NextFunction) => void' is not assignable to type 'RequestHandler<ParamsDictionary, any, any, ParsedQs, Record<string, any>>'.
        Types of parameters 'req' and 'req' are incompatible.
          Property 'user' is missing in type 'Request<ParamsDictionary, any, any, ParsedQs, Record<string, any>>' but required in type 'AuthenticatedRequest'.
src/server/routes/user.routes.ts(10,16): error TS2769: No overload matches this call.
  The last overload gave the following error.
    Argument of type '(req: AuthenticatedRequest, res: Response<any, Record<string, any>>, next: NextFunction) => void' is not assignable to parameter of type 'PathParams'.
src/server/routes/user.routes.ts(11,16): error TS2769: No overload matches this call.
  The last overload gave the following error.
    Argument of type '(req: AuthenticatedRequest, res: Response<any, Record<string, any>>, next: NextFunction) => Promise<void>' is not assignable to parameter of type 'PathParams'.
src/server/routes/user.routes.ts(14,23): error TS2769: No overload matches this call.
  The last overload gave the following error.
    Argument of type '(req: AuthenticatedRequest, res: Response<any, Record<string, any>>) => Promise<void>' is not assignable to parameter of type 'Application<Record<string, any>>'.
      Type '(req: AuthenticatedRequest, res: Response<any, Record<string, any>>) => Promise<void>' is missing the following properties from type 'Application<Record<string, any>>': init, defaultConfiguration, engine, set, and 63 more.
src/server/routes/user.routes.ts(17,21): error TS2769: No overload matches this call.
  The last overload gave the following error.
    Argument of type '(req: AuthenticatedRequest, res: Response<any, Record<string, any>>) => Promise<void>' is not assignable to parameter of type 'Application<Record<string, any>>'.
      Type '(req: AuthenticatedRequest, res: Response<any, Record<string, any>>) => Promise<void>' is missing the following properties from type 'Application<Record<string, any>>': init, defaultConfiguration, engine, set, and 63 more.
